Microchip MPLAB XC8 Compiler V2.31

Linker command line:

-W-3 --edf=C:\Program Files\Microchip\xc8\v2.31\pic\dat\en_msgs.txt -cn \
  -h+dist/default/production\Caudalimetro.X.production.sym \
  --cmf=dist/default/production\Caudalimetro.X.production.cmf -z -Q18F4550 \
  -oC:\Users\EAVELL~1\AppData\Local\Temp\scno.2 --defsym=__MPLAB_BUILD=1 \
  -Mdist/default/production/Caudalimetro.X.production.map -E1 \
  -ver=XC8 Compiler --acfsm=1493 -ASTACK=07Eh-07FFh -pstack=STACK \
  -ACODE=00h-07FFFh -ACONST=00h-07FFFh -ASMALLCONST=0800h-08FFhx120 \
  -AMEDIUMCONST=0800h-07FFFh -ACOMRAM=01h-05Fh -AABS1=00h-07FFh \
  -ABIGRAM=01h-07FFh -ARAM=060h-0FFh,0100h-01FFhx7 -ABANK0=060h-0FFh \
  -ABANK1=0100h-01FFh -ABANK2=0200h-02FFh -ABANK3=0300h-03FFh \
  -ABANK4=0400h-04FFh -ABANK5=0500h-05FFh -ABANK6=0600h-06FFh \
  -ABANK7=0700h-07FFh -ASFR=0F60h-0FFFh -ACONFIG=0300000h-030000Dh \
  -AIDLOC=0200000h-0200007h -AEEDATA=0F00000h-0F000FFh -peeprom_data=EEDATA \
  -preset_vec=00h,intcode=08h,intcodelo,powerup,init -pramtop=0800h \
  -psmallconst=SMALLCONST -pmediumconst=MEDIUMCONST -pconst=CONST \
  -AFARRAM=00h-00h \
  -prdata=COMRAM,nvrram=COMRAM,nvbit=COMRAM,rbss=COMRAM,rbit=COMRAM \
  -pfarbss=FARRAM,fardata=FARRAM,nvFARRAM=FARRAM \
  -pintsave_regs=BIGRAM,bigbss=BIGRAM,bigdata=BIGRAM -pbss=RAM \
  -pidata=CODE,irdata=CODE,ibigdata=CODE,ifardata=CODE -prparam=COMRAM \
  C:\Users\EAVELL~1\AppData\Local\Temp\scno.o \
  dist/default/production\Caudalimetro.X.production.o 

Object code version is 3.11

Machine type is 18F4550



                Name                               Link     Load   Length Selector   Space Scale
C:\Users\EAVELL~1\AppData\Local\Temp\scno.o
                idloc                            200000   200000        8        0       5
                config                           300000   300000        E        0       4
                init                                  E        E        4        4       0
                reset_vec                             0        0        4        0       0
dist/default/production\Caudalimetro.X.production.o
                intcode                               8        8        6        4       0
                idloc                            200000   200000        8        0       5
                config                           300000   300000        E        0       4
                temp                                 42       42        1        1       1
                smallconst                          800      800       20      400       0
                intcode_body                       1ACC     1ACC       C6      410       0
                text18                             168E     168E      128      410       0
                text17                             17B6     17B6      10C      410       0
                text16                             1560     1560      12E      410       0
                text15                             1B92     1B92       A4      410       0
                text14                             1C36     1C36       76      410       0
                text13                             1CAC     1CAC       4A      410       0
                text12                             1DAA     1DAA       1E      410       0
                text11                             1DF4     1DF4       14      410       0
                text10                              CE0      CE0      39A      410       0
                text9                              19C8     19C8      104      410       0
                text8                               820      820      4C0      410       0
                text7                              1D3E     1D3E       46      410       0
                text6                              18C2     18C2      106      410       0
                text5                              1244     1244      1B4      410       0
                text4                              107A     107A      1CA      410       0
                text3                              1DDE     1DDE       16      410       0
                text2                              1DC8     1DC8       16      410       0
                text1                              1CF6     1CF6       48      410       0
                text0                              13F8     13F8      168      410       0
                cstackCOMRAM                          1        1       36        1       1
                bssBANK0                             60       60       1E       60       1
                bssCOMRAM                            37       37        B        1       1
                cinit                              1D84     1D84       26      410       0

TOTAL           Name                               Link     Load   Length     Space
        CLASS   STACK          

        CLASS   CODE           
                intcode                               8        8        6         0
                init                                  E        E        4         0
                reset_vec                             0        0        4         0
                intcode_body                       1ACC     1ACC       C6         0
                text18                             168E     168E      128         0
                text17                             17B6     17B6      10C         0
                text16                             1560     1560      12E         0
                text15                             1B92     1B92       A4         0
                text14                             1C36     1C36       76         0
                text13                             1CAC     1CAC       4A         0
                text12                             1DAA     1DAA       1E         0
                text11                             1DF4     1DF4       14         0
                text10                              CE0      CE0      39A         0
                text9                              19C8     19C8      104         0
                text8                               820      820      4C0         0
                text7                              1D3E     1D3E       46         0
                text6                              18C2     18C2      106         0
                text5                              1244     1244      1B4         0
                text4                              107A     107A      1CA         0
                text3                              1DDE     1DDE       16         0
                text2                              1DC8     1DC8       16         0
                text1                              1CF6     1CF6       48         0
                text0                              13F8     13F8      168         0
                cinit                              1D84     1D84       26         0

        CLASS   CONST          

        CLASS   SMALLCONST     
                smallconst                          800      800       20         0

        CLASS   MEDIUMCONST    

        CLASS   COMRAM         
                temp                                 42       42        1         1
                cstackCOMRAM                          1        1       36         1
                bssCOMRAM                            37       37        B         1

        CLASS   ABS1           

        CLASS   BIGRAM         

        CLASS   RAM            

        CLASS   BANK0          
                bssBANK0                             60       60       1E         1

        CLASS   BANK1          

        CLASS   BANK2          

        CLASS   BANK3          

        CLASS   BANK4          

        CLASS   BANK5          

        CLASS   BANK6          

        CLASS   BANK7          

        CLASS   SFR            

        CLASS   CONFIG         
                config                           300000   300000        E         4

        CLASS   IDLOC          
                idloc                            200000   200000        8         5

        CLASS   EEDATA         

        CLASS   FARRAM         



SEGMENTS        Name                           Load    Length   Top    Selector   Space  Class

                reset_vec                      000000  000004  000004         0       0  CODE    
                cstackCOMRAM                   000001  000042  000043         1       1  COMRAM  
                intcode                        000008  00000A  000012         4       0  CODE    
                bssBANK0                       000060  00001E  00007E        60       1  BANK0   
                smallconst                     000800  000020  000820       400       0  SMALLCON
                text8                          000820  0015E8  001E08       410       0  CODE    


UNUSED ADDRESS RANGES

        Name                Unused          Largest block    Delta
        BANK0            00007E-0000FF               82
        BANK1            000100-0001FF              100
        BANK2            000200-0002FF              100
        BANK3            000300-0003FF              100
        BANK4            000400-0004FF              100
        BANK5            000500-0005FF              100
        BANK6            000600-0006FF              100
        BANK7            000700-0007FF              100
        BIGRAM           000043-00005F               1D
                         00007E-0007FF              782
        CODE             000004-000007                4
                         000012-0007FF              7EE
                         001E08-007FFF             61F8
        COMRAM           000043-00005F               1D
        CONST            000004-000007                4
                         000012-0007FF              7EE
                         001E08-007FFF             61F8
        EEDATA           F00000-F000FF              100
        MEDIUMCONST      001E08-007FFF             61F8
        RAM              00007E-0007FF              100
        SFR              000F60-000FFF               A0
        SMALLCONST       001E08-007FFF              100
        STACK            00007E-0007FF              782

                                  Symbol Table

?___fladd                cstackCOMRAM 000004
?___fldiv                cstackCOMRAM 000004
?___flsub                cstackCOMRAM 000014
?___fltol                cstackCOMRAM 000004
?___xxtofl               cstackCOMRAM 000004
Lcd_Chr_CP@data          cstackCOMRAM 000006
Lcd_Cmd@data             cstackCOMRAM 000006
Lcd_Init@data            cstackCOMRAM 000008
Lcd_Out@buffer           cstackCOMRAM 000008
Lcd_Out@data             cstackCOMRAM 00000D
Lcd_Out@x                cstackCOMRAM 000007
Lcd_Out@y                cstackCOMRAM 00000C
Lcd_getc@buffer          cstackCOMRAM 000008
Lcd_getc@data            cstackCOMRAM 00000C
Lcd_getc@x               cstackCOMRAM 000007
Lcd_getc@y               cstackCOMRAM 00000B
Select_Mode@modo         cstackCOMRAM 000006
Timer0_Init@tiempo       cstackCOMRAM 000004
Timer1_Init@tiempo       cstackCOMRAM 000004
UART_Begin@aux           cstackCOMRAM 000030
UART_Begin@aux2          cstackCOMRAM 00002C
UART_Begin@baud          cstackCOMRAM 000028
UART_Println@buffer      cstackCOMRAM 000005
UART_Write@data          cstackCOMRAM 000004
_ADCON1bits              (abs)        000FC1
_BAUDCONbits             (abs)        000FB8
_Buffer                  bssBANK0     000060
_INTCONbits              (abs)        000FF2
_LATA                    (abs)        000F89
_LATAbits                (abs)        000F89
_LATC                    (abs)        000F8B
_LATCbits                (abs)        000F8B
_LATD                    (abs)        000F8C
_LATDbits                (abs)        000F8C
_Lcd_Chr_CP              text16       001560
_Lcd_Cmd                 text18       00168E
_Lcd_Init                text17       0017B6
_Lcd_Out                 text15       001B92
_Lcd_getc                text14       001C36
_PIE1bits                (abs)        000F9D
_PIR1bits                (abs)        000F9E
_RCREG                   (abs)        000FAE
_RCSTAbits               (abs)        000FAB
_SPBRG                   (abs)        000FAF
_Select_Mode             text13       001CAC
_T0CONbits               (abs)        000FD5
_T1CONbits               (abs)        000FCD
_TMR0                    (abs)        000FD6
_TRISA                   (abs)        000F92
_TRISC                   (abs)        000F94
_TRISDbits               (abs)        000F95
_TXREG                   (abs)        000FAD
_TXSTAbits               (abs)        000FAC
_Timer0_Init             text12       001DAA
_Timer1_Init             text11       001DF4
_UART_Begin              text4        00107A
_UART_Init               text3        001DDE
_UART_Println            text1        001CF6
_UART_Write              text2        001DC8
__HRAM                   (abs)        000000
__Habs1                  abs1         000000
__Hbank0                 bank0        000000
__Hbank1                 bank1        000000
__Hbank2                 bank2        000000
__Hbank3                 bank3        000000
__Hbank4                 bank4        000000
__Hbank5                 bank5        000000
__Hbank6                 bank6        000000
__Hbank7                 bank7        000000
__Hbigbss                bigbss       000000
__Hbigdata               bigdata      000000
__Hbigram                bigram       000000
__Hbss                   bss          000000
__HbssBANK0              bssBANK0     000000
__HbssCOMRAM             bssCOMRAM    000000
__Hcinit                 cinit        000000
__Hclrtext               clrtext      000000
__Hcomram                comram       000000
__Hconfig                config       30000E
__Hconst                 const        000000
__HcstackCOMRAM          cstackCOMRAM 000000
__Hdata                  data         000000
__Heeprom_data           eeprom_data  000000
__Hfarbss                farbss       000000
__Hfardata               fardata      000000
__Hibigdata              ibigdata     000000
__Hidata                 idata        000000
__Hidloc                 idloc        200008
__Hifardata              ifardata     000000
__Hinit                  init         000012
__Hintcode               intcode      00000E
__Hintcode_body          intcode_body 000000
__Hintcodelo             intcodelo    00000E
__Hintentry              intentry     000000
__Hintret                intret       000000
__Hintsave_regs          intsave_regs 000000
__Hirdata                irdata       000000
__Hmediumconst           mediumconst  000000
__HnvFARRAM              nvFARRAM     000000
__Hnvbit                 nvbit        000000
__Hnvrram                nvrram       000000
__Hparam                 rparam       000000
__Hpowerup               powerup      00000E
__Hram                   ram          000000
__Hramtop                ramtop       000800
__Hrbit                  rbit         000000
__Hrbss                  rbss         000000
__Hrdata                 rdata        000000
__Hreset_vec             reset_vec    000004
__Hrparam                rparam       000000
__Hsfr                   sfr          000000
__Hsmallconst            smallconst   000820
__Hspace_0               (abs)        001E08
__Hspace_1               (abs)        00007E
__Hspace_2               (abs)        000000
__Hspace_4               (abs)        60000E
__Hstack                 stack        000000
__Hstruct                struct       000000
__Htemp                  temp         000043
__Htext                  text         000000
__Htext0                 text0        000000
__Htext1                 text1        000000
__Htext10                text10       000000
__Htext11                text11       000000
__Htext12                text12       000000
__Htext13                text13       000000
__Htext14                text14       000000
__Htext15                text15       000000
__Htext16                text16       000000
__Htext17                text17       000000
__Htext18                text18       000000
__Htext2                 text2        000000
__Htext3                 text3        000000
__Htext4                 text4        000000
__Htext5                 text5        000000
__Htext6                 text6        000000
__Htext7                 text7        000000
__Htext8                 text8        000000
__Htext9                 text9        000000
__LRAM                   (abs)        000001
__Labs1                  abs1         000000
__Lbank0                 bank0        000000
__Lbank1                 bank1        000000
__Lbank2                 bank2        000000
__Lbank3                 bank3        000000
__Lbank4                 bank4        000000
__Lbank5                 bank5        000000
__Lbank6                 bank6        000000
__Lbank7                 bank7        000000
__Lbigbss                bigbss       000000
__Lbigdata               bigdata      000000
__Lbigram                bigram       000000
__Lbss                   bss          000000
__LbssBANK0              bssBANK0     000000
__LbssCOMRAM             bssCOMRAM    000000
__Lcinit                 cinit        000000
__Lclrtext               clrtext      000000
__Lcomram                comram       000000
__Lconfig                config       000000
__Lconst                 const        000000
__LcstackCOMRAM          cstackCOMRAM 000000
__Ldata                  data         000000
__Leeprom_data           eeprom_data  000000
__Lfarbss                farbss       000000
__Lfardata               fardata      000000
__Libigdata              ibigdata     000000
__Lidata                 idata        000000
__Lidloc                 idloc        000000
__Lifardata              ifardata     000000
__Linit                  init         00000E
__Lintcode               intcode      000008
__Lintcode_body          intcode_body 000000
__Lintcodelo             intcodelo    00000E
__Lintentry              intentry     000000
__Lintret                intret       000000
__Lintsave_regs          intsave_regs 000000
__Lirdata                irdata       000000
__Lmediumconst           mediumconst  000000
__LnvFARRAM              nvFARRAM     000000
__Lnvbit                 nvbit        000000
__Lnvrram                nvrram       000000
__Lparam                 rparam       000000
__Lpowerup               powerup      00000E
__Lram                   ram          000000
__Lramtop                ramtop       000800
__Lrbit                  rbit         000000
__Lrbss                  rbss         000000
__Lrdata                 rdata        000000
__Lreset_vec             reset_vec    000000
__Lrparam                rparam       000000
__Lsfr                   sfr          000000
__Lsmallconst            smallconst   000800
__Lspace_0               (abs)        000000
__Lspace_1               (abs)        000000
__Lspace_2               (abs)        000000
__Lspace_4               (abs)        000000
__Lstack                 stack        000000
__Lstruct                struct       000000
__Ltemp                  temp         000042
__Ltext                  text         000000
__Ltext0                 text0        000000
__Ltext1                 text1        000000
__Ltext10                text10       000000
__Ltext11                text11       000000
__Ltext12                text12       000000
__Ltext13                text13       000000
__Ltext14                text14       000000
__Ltext15                text15       000000
__Ltext16                text16       000000
__Ltext17                text17       000000
__Ltext18                text18       000000
__Ltext2                 text2        000000
__Ltext3                 text3        000000
__Ltext4                 text4        000000
__Ltext5                 text5        000000
__Ltext6                 text6        000000
__Ltext7                 text7        000000
__Ltext8                 text8        000000
__Ltext9                 text9        000000
__S0                     (abs)        001E08
__S1                     (abs)        00007E
__S2                     (abs)        000000
__S4                     (abs)        000000
__S5                     (abs)        000000
___fladd                 text8        000820
___fladd@a               cstackCOMRAM 000008
___fladd@aexp            cstackCOMRAM 000011
___fladd@b               cstackCOMRAM 000004
___fladd@bexp            cstackCOMRAM 000012
___fladd@grs             cstackCOMRAM 000013
___fladd@signs           cstackCOMRAM 000010
___fldiv                 text10       000CE0
___fldiv@a               cstackCOMRAM 000008
___fldiv@aexp            cstackCOMRAM 00001C
___fldiv@b               cstackCOMRAM 000004
___fldiv@bexp            cstackCOMRAM 00001B
___fldiv@grs             cstackCOMRAM 000017
___fldiv@new_exp         cstackCOMRAM 000015
___fldiv@rem             cstackCOMRAM 000010
___fldiv@sign            cstackCOMRAM 000014
___flge                  text9        0019C8
___flge@ff1              cstackCOMRAM 00001C
___flge@ff2              cstackCOMRAM 000020
___flsub                 text7        001D3E
___flsub@a               cstackCOMRAM 000018
___flsub@b               cstackCOMRAM 000014
___fltol                 text6        0018C2
___fltol@exp1            cstackCOMRAM 00000D
___fltol@f1              cstackCOMRAM 000004
___fltol@sign1           cstackCOMRAM 00000C
___inthi_sp              stack        000000
___intlo_sp              stack        000000
___param_bank            (abs)        000000
___rparam_used           (abs)        000001
___sp                    stack        000000
___xxtofl                text5        001244
___xxtofl@arg            cstackCOMRAM 00000E
___xxtofl@exp            cstackCOMRAM 00000D
___xxtofl@sign           cstackCOMRAM 00000C
___xxtofl@val            cstackCOMRAM 000004
__accesstop              (abs)        000060
__activetblptr           (abs)        000002
__end_of_Lcd_Chr_CP      text16       00168E
__end_of_Lcd_Cmd         text18       0017B6
__end_of_Lcd_Init        text17       0018C2
__end_of_Lcd_Out         text15       001C36
__end_of_Lcd_getc        text14       001CAC
__end_of_Select_Mode     text13       001CF6
__end_of_Timer0_Init     text12       001DC8
__end_of_Timer1_Init     text11       001E08
__end_of_UART_Begin      text4        001244
__end_of_UART_Init       text3        001DF4
__end_of_UART_Println    text1        001D3E
__end_of_UART_Write      text2        001DDE
__end_of___fladd         text8        000CE0
__end_of___fldiv         text10       00107A
__end_of___flge          text9        001ACC
__end_of___flsub         text7        001D84
__end_of___fltol         text6        0019C8
__end_of___xxtofl        text5        0013F8
__end_of__initialization cinit        001D9C
__end_of_main            text0        001560
__end_of_scr             intcode_body 001B92
__initialization         cinit        001D84
__mediumconst            mediumconst  000000
__pbssBANK0              bssBANK0     000060
__pbssCOMRAM             bssCOMRAM    000037
__pcinit                 cinit        001D84
__pcstackCOMRAM          cstackCOMRAM 000001
__pintcode               intcode      000008
__pintcode_body          intcode_body 001ACC
__psmallconst            smallconst   000800
__ptext0                 text0        0013F8
__ptext1                 text1        001CF6
__ptext10                text10       000CE0
__ptext11                text11       001DF4
__ptext12                text12       001DAA
__ptext13                text13       001CAC
__ptext14                text14       001C36
__ptext15                text15       001B92
__ptext16                text16       001560
__ptext17                text17       0017B6
__ptext18                text18       00168E
__ptext2                 text2        001DC8
__ptext3                 text3        001DDE
__ptext4                 text4        00107A
__ptext5                 text5        001244
__ptext6                 text6        0018C2
__ptext7                 text7        001D3E
__ptext8                 text8        000820
__ptext9                 text9        0019C8
__ramtop                 ramtop       000800
__size_of_Lcd_Chr_CP     (abs)        000000
__size_of_Lcd_Cmd        (abs)        000000
__size_of_Lcd_Init       (abs)        000000
__size_of_Lcd_Out        (abs)        000000
__size_of_Lcd_getc       (abs)        000000
__size_of_Select_Mode    (abs)        000000
__size_of_Timer0_Init    (abs)        000000
__size_of_Timer1_Init    (abs)        000000
__size_of_UART_Begin     (abs)        000000
__size_of_UART_Init      (abs)        000000
__size_of_UART_Println   (abs)        000000
__size_of_UART_Write     (abs)        000000
__size_of___fladd        (abs)        000000
__size_of___fldiv        (abs)        000000
__size_of___flge         (abs)        000000
__size_of___flsub        (abs)        000000
__size_of___fltol        (abs)        000000
__size_of___xxtofl       (abs)        000000
__size_of_main           (abs)        000000
__size_of_scr            (abs)        000000
__smallconst             smallconst   000800
_contador_t1             bssCOMRAM    000039
_flag_serial             bssCOMRAM    00003B
_flag_tempo0             bssCOMRAM    00003F
_flag_tempo1             bssCOMRAM    00003D
_llamada_ok              bssCOMRAM    000037
_main                    text0        0013F8
_puntero                 bssCOMRAM    000041
_scr                     intcode      000008
btemp                    temp         000042
end_of_initialization    cinit        001D9C
int$flags                temp         000042
int_func                 intcode_body 001ACC
intlevel0                text         000000
intlevel1                text         000000
intlevel2                text         000000
intlevel3                text         000000
main@i                   cstackCOMRAM 000036
scr@c                    cstackCOMRAM 000003
stackhi                  (abs)        0007FF
stacklo                  (abs)        00007E
start                    init         00000E
start_initialization     cinit        001D84
ttemp5                   temp         000043
ttemp6                   temp         000046
ttemp7                   temp         00004A
wtemp8                   temp         000043


FUNCTION INFORMATION:

 *************** function _main *****************
 Defined at:
		line 77 in file "main.c"
 Parameters:    Size  Location     Type
		None
 Auto vars:     Size  Location     Type
  i               1   53[COMRAM] unsigned char 
 Return value:  Size  Location     Type
                  1    wreg      void 
 Registers used:
		wreg, fsr2l, fsr2h, status,2, status,0, tblptrl, tblptrh, tblptru, cstack
 Tracked objects:
		On entry : 
		On exit  : 
		Unchanged: 
 Data sizes:     COMRAM   BANK0   BANK1   BANK2   BANK3   BANK4   BANK5   BANK6   BANK7
      Params:         0       0       0       0       0       0       0       0       0
      Locals:         1       0       0       0       0       0       0       0       0
      Temps:          2       0       0       0       0       0       0       0       0
      Totals:         3       0       0       0       0       0       0       0       0
Total ram usage:        3 bytes
 Hardware stack levels required when called:    4
 This function calls:
		_Lcd_Cmd
		_Lcd_Init
		_Lcd_Out
		_Lcd_getc
		_Select_Mode
		_Timer0_Init
		_Timer1_Init
		_UART_Begin
		_UART_Init
		_UART_Println
 This function is called by:
		Startup code after reset
 This function uses a non-reentrant model


 *************** function _UART_Println *****************
 Defined at:
		line 43 in file "UART.c"
 Parameters:    Size  Location     Type
  buffer          2    4[COMRAM] PTR unsigned char 
		 -> STR_3(3), STR_2(14), 
 Auto vars:     Size  Location     Type
		None
 Return value:  Size  Location     Type
                  1    wreg      void 
 Registers used:
		wreg, status,2, status,0, tblptrl, tblptrh, tblptru, cstack
 Tracked objects:
		On entry : 
		On exit  : 
		Unchanged: 
 Data sizes:     COMRAM   BANK0   BANK1   BANK2   BANK3   BANK4   BANK5   BANK6   BANK7
      Params:         2       0       0       0       0       0       0       0       0
      Locals:         0       0       0       0       0       0       0       0       0
      Temps:          0       0       0       0       0       0       0       0       0
      Totals:         2       0       0       0       0       0       0       0       0
Total ram usage:        2 bytes
 Hardware stack levels used:    1
 Hardware stack levels required when called:    2
 This function calls:
		_UART_Write
 This function is called by:
		_main
 This function uses a non-reentrant model


 *************** function _UART_Write *****************
 Defined at:
		line 38 in file "UART.c"
 Parameters:    Size  Location     Type
  data            1    wreg     unsigned char 
 Auto vars:     Size  Location     Type
  data            1    3[COMRAM] unsigned char 
 Return value:  Size  Location     Type
                  1    wreg      void 
 Registers used:
		wreg
 Tracked objects:
		On entry : 
		On exit  : 
		Unchanged: 
 Data sizes:     COMRAM   BANK0   BANK1   BANK2   BANK3   BANK4   BANK5   BANK6   BANK7
      Params:         0       0       0       0       0       0       0       0       0
      Locals:         1       0       0       0       0       0       0       0       0
      Temps:          0       0       0       0       0       0       0       0       0
      Totals:         1       0       0       0       0       0       0       0       0
Total ram usage:        1 bytes
 Hardware stack levels used:    1
 Hardware stack levels required when called:    1
 This function calls:
		Nothing
 This function is called by:
		_UART_Println
		_UART_Print
 This function uses a non-reentrant model


 *************** function _UART_Init *****************
 Defined at:
		line 3 in file "UART.c"
 Parameters:    Size  Location     Type
		None
 Auto vars:     Size  Location     Type
		None
 Return value:  Size  Location     Type
                  1    wreg      void 
 Registers used:
		None
 Tracked objects:
		On entry : 
		On exit  : 
		Unchanged: 
 Data sizes:     COMRAM   BANK0   BANK1   BANK2   BANK3   BANK4   BANK5   BANK6   BANK7
      Params:         0       0       0       0       0       0       0       0       0
      Locals:         0       0       0       0       0       0       0       0       0
      Temps:          0       0       0       0       0       0       0       0       0
      Totals:         0       0       0       0       0       0       0       0       0
Total ram usage:        0 bytes
 Hardware stack levels used:    1
 Hardware stack levels required when called:    1
 This function calls:
		Nothing
 This function is called by:
		_main
 This function uses a non-reentrant model


 *************** function _UART_Begin *****************
 Defined at:
		line 19 in file "UART.c"
 Parameters:    Size  Location     Type
  baud            4   39[COMRAM] unsigned long 
 Auto vars:     Size  Location     Type
  aux             4   47[COMRAM] unsigned long 
  aux2            4   43[COMRAM] unsigned long 
 Return value:  Size  Location     Type
                  1    wreg      void 
 Registers used:
		wreg, status,2, status,0, cstack
 Tracked objects:
		On entry : 
		On exit  : 
		Unchanged: 
 Data sizes:     COMRAM   BANK0   BANK1   BANK2   BANK3   BANK4   BANK5   BANK6   BANK7
      Params:         4       0       0       0       0       0       0       0       0
      Locals:         8       0       0       0       0       0       0       0       0
      Temps:          0       0       0       0       0       0       0       0       0
      Totals:        12       0       0       0       0       0       0       0       0
Total ram usage:       12 bytes
 Hardware stack levels used:    1
 Hardware stack levels required when called:    3
 This function calls:
		___fladd
		___fldiv
		___flge
		___flsub
		___fltol
		___xxtofl
 This function is called by:
		_main
 This function uses a non-reentrant model


 *************** function ___xxtofl *****************
 Defined at:
		line 10 in file "C:\Program Files\Microchip\xc8\v2.31\pic\sources\c99\common\xxtofl.c"
 Parameters:    Size  Location     Type
  sign            1    wreg     unsigned char 
  val             4    3[COMRAM] long 
 Auto vars:     Size  Location     Type
  sign            1   11[COMRAM] unsigned char 
  arg             4   13[COMRAM] unsigned long 
  exp             1   12[COMRAM] unsigned char 
 Return value:  Size  Location     Type
                  4    3[COMRAM] unsigned char 
 Registers used:
		wreg, status,2, status,0
 Tracked objects:
		On entry : 
		On exit  : 
		Unchanged: 
 Data sizes:     COMRAM   BANK0   BANK1   BANK2   BANK3   BANK4   BANK5   BANK6   BANK7
      Params:         4       0       0       0       0       0       0       0       0
      Locals:         6       0       0       0       0       0       0       0       0
      Temps:          4       0       0       0       0       0       0       0       0
      Totals:        14       0       0       0       0       0       0       0       0
Total ram usage:       14 bytes
 Hardware stack levels used:    1
 Hardware stack levels required when called:    1
 This function calls:
		Nothing
 This function is called by:
		_UART_Begin
 This function uses a non-reentrant model


 *************** function ___fltol *****************
 Defined at:
		line 43 in file "C:\Program Files\Microchip\xc8\v2.31\pic\sources\c99\common\fltol.c"
 Parameters:    Size  Location     Type
  f1              4    3[COMRAM] unsigned char 
 Auto vars:     Size  Location     Type
  exp1            1   12[COMRAM] unsigned char 
  sign1           1   11[COMRAM] unsigned char 
 Return value:  Size  Location     Type
                  4    3[COMRAM] long 
 Registers used:
		wreg, status,2, status,0
 Tracked objects:
		On entry : 
		On exit  : 
		Unchanged: 
 Data sizes:     COMRAM   BANK0   BANK1   BANK2   BANK3   BANK4   BANK5   BANK6   BANK7
      Params:         4       0       0       0       0       0       0       0       0
      Locals:         2       0       0       0       0       0       0       0       0
      Temps:          4       0       0       0       0       0       0       0       0
      Totals:        10       0       0       0       0       0       0       0       0
Total ram usage:       10 bytes
 Hardware stack levels used:    1
 Hardware stack levels required when called:    1
 This function calls:
		Nothing
 This function is called by:
		_UART_Begin
 This function uses a non-reentrant model


 *************** function ___flsub *****************
 Defined at:
		line 245 in file "C:\Program Files\Microchip\xc8\v2.31\pic\sources\c99\common\sprcadd.c"
 Parameters:    Size  Location     Type
  b               4   19[COMRAM] long 
  a               4   23[COMRAM] long 
 Auto vars:     Size  Location     Type
		None
 Return value:  Size  Location     Type
                  4   19[COMRAM] long 
 Registers used:
		wreg, status,2, status,0, cstack
 Tracked objects:
		On entry : 
		On exit  : 
		Unchanged: 
 Data sizes:     COMRAM   BANK0   BANK1   BANK2   BANK3   BANK4   BANK5   BANK6   BANK7
      Params:         8       0       0       0       0       0       0       0       0
      Locals:         0       0       0       0       0       0       0       0       0
      Temps:          0       0       0       0       0       0       0       0       0
      Totals:         8       0       0       0       0       0       0       0       0
Total ram usage:        8 bytes
 Hardware stack levels used:    1
 Hardware stack levels required when called:    2
 This function calls:
		___fladd
 This function is called by:
		_UART_Begin
 This function uses a non-reentrant model


 *************** function ___fladd *****************
 Defined at:
		line 10 in file "C:\Program Files\Microchip\xc8\v2.31\pic\sources\c99\common\sprcadd.c"
 Parameters:    Size  Location     Type
  b               4    3[COMRAM] long 
  a               4    7[COMRAM] long 
 Auto vars:     Size  Location     Type
  grs             1   18[COMRAM] unsigned char 
  bexp            1   17[COMRAM] unsigned char 
  aexp            1   16[COMRAM] unsigned char 
  signs           1   15[COMRAM] unsigned char 
 Return value:  Size  Location     Type
                  4    3[COMRAM] unsigned char 
 Registers used:
		wreg, status,2, status,0
 Tracked objects:
		On entry : 
		On exit  : 
		Unchanged: 
 Data sizes:     COMRAM   BANK0   BANK1   BANK2   BANK3   BANK4   BANK5   BANK6   BANK7
      Params:         8       0       0       0       0       0       0       0       0
      Locals:         4       0       0       0       0       0       0       0       0
      Temps:          4       0       0       0       0       0       0       0       0
      Totals:        16       0       0       0       0       0       0       0       0
Total ram usage:       16 bytes
 Hardware stack levels used:    1
 Hardware stack levels required when called:    1
 This function calls:
		Nothing
 This function is called by:
		_UART_Begin
		___flsub
 This function uses a non-reentrant model


 *************** function ___flge *****************
 Defined at:
		line 4 in file "C:\Program Files\Microchip\xc8\v2.31\pic\sources\c99\common\flge.c"
 Parameters:    Size  Location     Type
  ff1             4   27[COMRAM] unsigned char 
  ff2             4   31[COMRAM] unsigned char 
 Auto vars:     Size  Location     Type
		None
 Return value:  Size  Location     Type
		None               void
 Registers used:
		wreg, status,2, status,0
 Tracked objects:
		On entry : 
		On exit  : 
		Unchanged: 
 Data sizes:     COMRAM   BANK0   BANK1   BANK2   BANK3   BANK4   BANK5   BANK6   BANK7
      Params:         8       0       0       0       0       0       0       0       0
      Locals:         0       0       0       0       0       0       0       0       0
      Temps:          4       0       0       0       0       0       0       0       0
      Totals:        12       0       0       0       0       0       0       0       0
Total ram usage:       12 bytes
 Hardware stack levels used:    1
 Hardware stack levels required when called:    1
 This function calls:
		Nothing
 This function is called by:
		_UART_Begin
 This function uses a non-reentrant model


 *************** function ___fldiv *****************
 Defined at:
		line 11 in file "C:\Program Files\Microchip\xc8\v2.31\pic\sources\c99\common\sprcdiv.c"
 Parameters:    Size  Location     Type
  b               4    3[COMRAM] unsigned char 
  a               4    7[COMRAM] unsigned char 
 Auto vars:     Size  Location     Type
  grs             4   22[COMRAM] unsigned long 
  rem             4   15[COMRAM] unsigned long 
  new_exp         2   20[COMRAM] short 
  aexp            1   27[COMRAM] unsigned char 
  bexp            1   26[COMRAM] unsigned char 
  sign            1   19[COMRAM] unsigned char 
 Return value:  Size  Location     Type
                  4    3[COMRAM] unsigned char 
 Registers used:
		wreg, status,2, status,0
 Tracked objects:
		On entry : 
		On exit  : 
		Unchanged: 
 Data sizes:     COMRAM   BANK0   BANK1   BANK2   BANK3   BANK4   BANK5   BANK6   BANK7
      Params:         8       0       0       0       0       0       0       0       0
      Locals:        13       0       0       0       0       0       0       0       0
      Temps:          4       0       0       0       0       0       0       0       0
      Totals:        25       0       0       0       0       0       0       0       0
Total ram usage:       25 bytes
 Hardware stack levels used:    1
 Hardware stack levels required when called:    1
 This function calls:
		Nothing
 This function is called by:
		_UART_Begin
 This function uses a non-reentrant model


 *************** function _Timer1_Init *****************
 Defined at:
		line 14 in file "Temporizadores.c"
 Parameters:    Size  Location     Type
  tiempo          2    3[COMRAM] unsigned int 
 Auto vars:     Size  Location     Type
		None
 Return value:  Size  Location     Type
                  1    wreg      void 
 Registers used:
		wreg, status,2
 Tracked objects:
		On entry : 
		On exit  : 
		Unchanged: 
 Data sizes:     COMRAM   BANK0   BANK1   BANK2   BANK3   BANK4   BANK5   BANK6   BANK7
      Params:         2       0       0       0       0       0       0       0       0
      Locals:         0       0       0       0       0       0       0       0       0
      Temps:          0       0       0       0       0       0       0       0       0
      Totals:         2       0       0       0       0       0       0       0       0
Total ram usage:        2 bytes
 Hardware stack levels used:    1
 Hardware stack levels required when called:    1
 This function calls:
		Nothing
 This function is called by:
		_main
 This function uses a non-reentrant model


 *************** function _Timer0_Init *****************
 Defined at:
		line 3 in file "Temporizadores.c"
 Parameters:    Size  Location     Type
  tiempo          2    3[COMRAM] unsigned int 
 Auto vars:     Size  Location     Type
		None
 Return value:  Size  Location     Type
                  1    wreg      void 
 Registers used:
		wreg, status,2
 Tracked objects:
		On entry : 
		On exit  : 
		Unchanged: 
 Data sizes:     COMRAM   BANK0   BANK1   BANK2   BANK3   BANK4   BANK5   BANK6   BANK7
      Params:         2       0       0       0       0       0       0       0       0
      Locals:         0       0       0       0       0       0       0       0       0
      Temps:          0       0       0       0       0       0       0       0       0
      Totals:         2       0       0       0       0       0       0       0       0
Total ram usage:        2 bytes
 Hardware stack levels used:    1
 Hardware stack levels required when called:    1
 This function calls:
		Nothing
 This function is called by:
		_main
 This function uses a non-reentrant model


 *************** function _Select_Mode *****************
 Defined at:
		line 136 in file "main.c"
 Parameters:    Size  Location     Type
  modo            1    wreg     unsigned char 
 Auto vars:     Size  Location     Type
  modo            1    5[COMRAM] unsigned char 
 Return value:  Size  Location     Type
                  1    wreg      void 
 Registers used:
		wreg, status,2, status,0
 Tracked objects:
		On entry : 
		On exit  : 
		Unchanged: 
 Data sizes:     COMRAM   BANK0   BANK1   BANK2   BANK3   BANK4   BANK5   BANK6   BANK7
      Params:         0       0       0       0       0       0       0       0       0
      Locals:         1       0       0       0       0       0       0       0       0
      Temps:          2       0       0       0       0       0       0       0       0
      Totals:         3       0       0       0       0       0       0       0       0
Total ram usage:        3 bytes
 Hardware stack levels used:    1
 Hardware stack levels required when called:    1
 This function calls:
		Nothing
 This function is called by:
		_main
 This function uses a non-reentrant model


 *************** function _Lcd_getc *****************
 Defined at:
		line 112 in file "./lcd.h"
 Parameters:    Size  Location     Type
  y               1    wreg     unsigned char 
  x               1    6[COMRAM] unsigned char 
  buffer          1    7[COMRAM] unsigned char 
 Auto vars:     Size  Location     Type
  y               1   10[COMRAM] unsigned char 
  data            1   11[COMRAM] unsigned char 
 Return value:  Size  Location     Type
                  1    wreg      void 
 Registers used:
		wreg, status,2, status,0, cstack
 Tracked objects:
		On entry : 
		On exit  : 
		Unchanged: 
 Data sizes:     COMRAM   BANK0   BANK1   BANK2   BANK3   BANK4   BANK5   BANK6   BANK7
      Params:         2       0       0       0       0       0       0       0       0
      Locals:         2       0       0       0       0       0       0       0       0
      Temps:          2       0       0       0       0       0       0       0       0
      Totals:         6       0       0       0       0       0       0       0       0
Total ram usage:        6 bytes
 Hardware stack levels used:    1
 Hardware stack levels required when called:    2
 This function calls:
		_Lcd_Chr_CP
		_Lcd_Cmd
 This function is called by:
		_main
 This function uses a non-reentrant model


 *************** function _Lcd_Out *****************
 Defined at:
		line 92 in file "./lcd.h"
 Parameters:    Size  Location     Type
  y               1    wreg     unsigned char 
  x               1    6[COMRAM] unsigned char 
  buffer          2    7[COMRAM] PTR unsigned char 
		 -> STR_1(13), 
 Auto vars:     Size  Location     Type
  y               1   11[COMRAM] unsigned char 
  data            1   12[COMRAM] unsigned char 
 Return value:  Size  Location     Type
                  1    wreg      void 
 Registers used:
		wreg, status,2, status,0, tblptrl, tblptrh, tblptru, cstack
 Tracked objects:
		On entry : 
		On exit  : 
		Unchanged: 
 Data sizes:     COMRAM   BANK0   BANK1   BANK2   BANK3   BANK4   BANK5   BANK6   BANK7
      Params:         3       0       0       0       0       0       0       0       0
      Locals:         2       0       0       0       0       0       0       0       0
      Temps:          2       0       0       0       0       0       0       0       0
      Totals:         7       0       0       0       0       0       0       0       0
Total ram usage:        7 bytes
 Hardware stack levels used:    1
 Hardware stack levels required when called:    2
 This function calls:
		_Lcd_Chr_CP
		_Lcd_Cmd
 This function is called by:
		_main
 This function uses a non-reentrant model


 *************** function _Lcd_Chr_CP *****************
 Defined at:
		line 128 in file "./lcd.h"
 Parameters:    Size  Location     Type
  data            1    wreg     unsigned char 
 Auto vars:     Size  Location     Type
  data            1    5[COMRAM] unsigned char 
 Return value:  Size  Location     Type
                  1    wreg      void 
 Registers used:
		wreg, status,2, status,0
 Tracked objects:
		On entry : 
		On exit  : 
		Unchanged: 
 Data sizes:     COMRAM   BANK0   BANK1   BANK2   BANK3   BANK4   BANK5   BANK6   BANK7
      Params:         0       0       0       0       0       0       0       0       0
      Locals:         1       0       0       0       0       0       0       0       0
      Temps:          2       0       0       0       0       0       0       0       0
      Totals:         3       0       0       0       0       0       0       0       0
Total ram usage:        3 bytes
 Hardware stack levels used:    1
 Hardware stack levels required when called:    1
 This function calls:
		Nothing
 This function is called by:
		_Lcd_Out
		_Lcd_getc
 This function uses a non-reentrant model


 *************** function _Lcd_Init *****************
 Defined at:
		line 50 in file "./lcd.h"
 Parameters:    Size  Location     Type
		None
 Auto vars:     Size  Location     Type
  data            1    7[COMRAM] unsigned char 
 Return value:  Size  Location     Type
                  1    wreg      void 
 Registers used:
		wreg, status,2, status,0, cstack
 Tracked objects:
		On entry : 
		On exit  : 
		Unchanged: 
 Data sizes:     COMRAM   BANK0   BANK1   BANK2   BANK3   BANK4   BANK5   BANK6   BANK7
      Params:         0       0       0       0       0       0       0       0       0
      Locals:         1       0       0       0       0       0       0       0       0
      Temps:          1       0       0       0       0       0       0       0       0
      Totals:         2       0       0       0       0       0       0       0       0
Total ram usage:        2 bytes
 Hardware stack levels used:    1
 Hardware stack levels required when called:    2
 This function calls:
		_Lcd_Cmd
 This function is called by:
		_main
 This function uses a non-reentrant model


 *************** function _Lcd_Cmd *****************
 Defined at:
		line 142 in file "./lcd.h"
 Parameters:    Size  Location     Type
  data            1    wreg     unsigned char 
 Auto vars:     Size  Location     Type
  data            1    5[COMRAM] unsigned char 
 Return value:  Size  Location     Type
                  1    wreg      void 
 Registers used:
		wreg, status,2, status,0
 Tracked objects:
		On entry : 
		On exit  : 
		Unchanged: 
 Data sizes:     COMRAM   BANK0   BANK1   BANK2   BANK3   BANK4   BANK5   BANK6   BANK7
      Params:         0       0       0       0       0       0       0       0       0
      Locals:         1       0       0       0       0       0       0       0       0
      Temps:          2       0       0       0       0       0       0       0       0
      Totals:         3       0       0       0       0       0       0       0       0
Total ram usage:        3 bytes
 Hardware stack levels used:    1
 Hardware stack levels required when called:    1
 This function calls:
		Nothing
 This function is called by:
		_Lcd_Init
		_Lcd_Out
		_Lcd_getc
		_main
 This function uses a non-reentrant model


 *************** function _scr *****************
 Defined at:
		line 44 in file "main.c"
 Parameters:    Size  Location     Type
		None
 Auto vars:     Size  Location     Type
  c               1    2[COMRAM] unsigned char 
 Return value:  Size  Location     Type
                  1    wreg      void 
 Registers used:
		wreg, fsr2l, fsr2h, status,2, status,0
 Tracked objects:
		On entry : 
		On exit  : 
		Unchanged: 
 Data sizes:     COMRAM   BANK0   BANK1   BANK2   BANK3   BANK4   BANK5   BANK6   BANK7
      Params:         0       0       0       0       0       0       0       0       0
      Locals:         1       0       0       0       0       0       0       0       0
      Temps:          2       0       0       0       0       0       0       0       0
      Totals:         3       0       0       0       0       0       0       0       0
Total ram usage:        3 bytes
 Hardware stack levels used:    1
 This function calls:
		Nothing
 This function is called by:
		Interrupt level 2
 This function uses a non-reentrant model



MODULE INFORMATION

Module		Function		Class		Link	Load	Size
UART.c
		_UART_Init     		CODE           	1DDE	0000	22
		_UART_Println  		CODE           	1CF6	0000	72
		_UART_Begin    		CODE           	107A	0000	458
		_UART_Write    		CODE           	1DC8	0000	22

UART.c estimated size: 574

C:\Program Files\Microchip\xc8\v2.31\pic\sources\c99\common\sprcadd.c
		___flsub       		CODE           	1D3E	0000	70
		___fladd       		CODE           	0820	0000	1216

C:\Program Files\Microchip\xc8\v2.31\pic\sources\c99\common\sprcadd.c estimated size: 1286

Temporizadores.c
		_Timer0_Init   		CODE           	1DAA	0000	30
		_Timer1_Init   		CODE           	1DF4	0000	20

Temporizadores.c estimated size: 50

C:\Program Files\Microchip\xc8\v2.31\pic\sources\c99\common\xxtofl.c
		___xxtofl      		CODE           	1244	0000	436

C:\Program Files\Microchip\xc8\v2.31\pic\sources\c99\common\xxtofl.c estimated size: 436

./lcd.h
		_Lcd_Init      		CODE           	17B6	0000	268
		_Lcd_Out       		CODE           	1B92	0000	164
		_Lcd_Chr_CP    		CODE           	1560	0000	302
		_Lcd_Cmd       		CODE           	168E	0000	296
		_Lcd_getc      		CODE           	1C36	0000	118

./lcd.h estimated size: 1148

shared
		__initialization		CODE           	1D84	0000	24

shared estimated size: 24

C:\Program Files\Microchip\xc8\v2.31\pic\sources\c99\common\sprcdiv.c
		___fldiv       		CODE           	0CE0	0000	922

C:\Program Files\Microchip\xc8\v2.31\pic\sources\c99\common\sprcdiv.c estimated size: 922

C:\Program Files\Microchip\xc8\v2.31\pic\sources\c99\common\fltol.c
		___fltol       		CODE           	18C2	0000	262

C:\Program Files\Microchip\xc8\v2.31\pic\sources\c99\common\fltol.c estimated size: 262

C:\Program Files\Microchip\xc8\v2.31\pic\sources\c99\common\flge.c
		___flge        		CODE           	19C8	0000	260

C:\Program Files\Microchip\xc8\v2.31\pic\sources\c99\common\flge.c estimated size: 260

main.c
		_main          		CODE           	13F8	0000	360
		_scr           		CODE           	0008	0000	204
		_Select_Mode   		CODE           	1CAC	0000	74

main.c estimated size: 638

